// Jest Snapshot v1, https://goo.gl/fbAQLP

exports[`Header it generate snapshot test 1`] = `
"<div class=\\"icon-bar\\"><span class=\\"active\\"><i class=\\"fa fa-home\\"></i></span>
  <h3>Rick And Morty Show</h3>
</div>"
`;
