// Jest Snapshot v1, https://goo.gl/fbAQLP

exports[`Search generate snapshot test 1`] = `"<div class=\\"search\\"><i class=\\"fa fa-search\\"></i> <input type=\\"text\\" placeholder=\\"Search by Name\\"></div>"`;
